Script started!
Python version: 3.11.9 (main, May 16 2024, 07:14:35) [GCC 12.3.0]
Epoch [1/20], Loss: 1.5720
Epoch [2/20], Loss: 0.9708
Epoch [3/20], Loss: 0.7021
Epoch [4/20], Loss: 0.5673
Epoch [5/20], Loss: 0.4772
